// Jest Snapshot v1, https://goo.gl/fbAQLP

exports[`MainAppScreen renders correctly 1`] = `
<Provider
  store={
    Object {
      "clearActions": [Function],
      "dispatch": [Function],
      "getActions": [Function],
      "getState": [Function],
      "replaceReducer": [Function],
      "subscribe": [Function],
    }
  }
>
  <MainAppScreen>
    <View
      style={
        Object {
          "flex": 1,
          "marginTop": 0,
          "width": "100%",
        }
      }
    >
      <View
        style={
          Object {
            "flex": 1,
            "marginTop": 0,
            "width": "100%",
          }
        }
      >
        <View
          style={
            Array [
              Object {
                "alignItems": "center",
                "backgroundColor": "#808080",
                "flex": 1,
                "justifyContent": "center",
                "paddingTop": 70,
              },
              Object {
                "backgroundColor": "",
              },
            ]
          }
        >
          <View
            style={
              Array [
                Object {
                  "alignItems": "center",
                  "backgroundColor": "#808080",
                  "flex": 1,
                  "justifyContent": "center",
                  "paddingTop": 70,
                },
                Object {
                  "backgroundColor": "",
                },
              ]
            }
          >
            <StickyNavigationBar>
              <View
                style={
                  Object {
                    "backgroundColor": "#ffffff",
                    "flexDirection": "row",
                    "height": 70,
                    "position": "absolute",
                    "top": 0,
                    "width": "100%",
                    "zIndex": 2,
                  }
                }
              >
                <View
                  style={
                    Object {
                      "backgroundColor": "#ffffff",
                      "flexDirection": "row",
                      "height": 70,
                      "position": "absolute",
                      "top": 0,
                      "width": "100%",
                      "zIndex": 2,
                    }
                  }
                >
                  <ButtonRK
                    key="key-buttonrk-0"
                    onButtonPress={[Function]}
                    title="Intro"
                  >
                    <View
                      style={
                        Object {
                          "flex": 1,
                        }
                      }
                    >
                      <View
                        style={
                          Object {
                            "flex": 1,
                          }
                        }
                      >
                        <TouchableHighlight
                          activeOpacity={0.85}
                          delayPressOut={100}
                          onPress={[Function]}
                          style={
                            Array [
                              Object {
                                "alignItems": "center",
                                "backgroundColor": "#984fa0",
                                "flexDirection": "row",
                                "height": "100%",
                                "justifyContent": "center",
                                "minHeight": 50,
                              },
                              Object {
                                "backgroundColor": "#984fa0",
                              },
                            ]
                          }
                          underlayColor="black"
                        >
                          <View
                            accessible={true}
                            isTVSelectable={true}
                            onResponderGrant={[Function]}
                            onResponderMove={[Function]}
                            onResponderRelease={[Function]}
                            onResponderTerminate={[Function]}
                            onResponderTerminationRequest={[Function]}
                            onStartShouldSetResponder={[Function]}
                            style={
                              Array [
                                Object {
                                  "alignItems": "center",
                                  "backgroundColor": "#984fa0",
                                  "flexDirection": "row",
                                  "height": "100%",
                                  "justifyContent": "center",
                                  "minHeight": 50,
                                },
                                Object {
                                  "backgroundColor": "#984fa0",
                                },
                              ]
                            }
                          >
                            <View
                              accessible={true}
                              isTVSelectable={true}
                              onResponderGrant={[Function]}
                              onResponderMove={[Function]}
                              onResponderRelease={[Function]}
                              onResponderTerminate={[Function]}
                              onResponderTerminationRequest={[Function]}
                              onStartShouldSetResponder={[Function]}
                              style={
                                Array [
                                  Object {
                                    "alignItems": "center",
                                    "backgroundColor": "#984fa0",
                                    "flexDirection": "row",
                                    "height": "100%",
                                    "justifyContent": "center",
                                    "minHeight": 50,
                                  },
                                  Object {
                                    "backgroundColor": "#984fa0",
                                  },
                                ]
                              }
                            >
                              <Text
                                style={
                                  Array [
                                    Object {
                                      "color": "#f5f5f5",
                                      "fontSize": 18,
                                      "textTransform": "uppercase",
                                    },
                                    Object {
                                      "color": "#f5f5f5",
                                      "fontSize": 16,
                                    },
                                  ]
                                }
                              >
                                <Text
                                  style={
                                    Array [
                                      Object {
                                        "color": "#f5f5f5",
                                        "fontSize": 18,
                                        "textTransform": "uppercase",
                                      },
                                      Object {
                                        "color": "#f5f5f5",
                                        "fontSize": 16,
                                      },
                                    ]
                                  }
                                >
                                  Intro
                                </Text>
                              </Text>
                            </View>
                          </View>
                        </TouchableHighlight>
                      </View>
                    </View>
                  </ButtonRK>
                  <ButtonRK
                    key="key-buttonrk-1"
                    onButtonPress={[Function]}
                    title="About"
                  >
                    <View
                      style={
                        Object {
                          "flex": 1,
                        }
                      }
                    >
                      <View
                        style={
                          Object {
                            "flex": 1,
                          }
                        }
                      >
                        <TouchableHighlight
                          activeOpacity={0.85}
                          delayPressOut={100}
                          onPress={[Function]}
                          style={
                            Array [
                              Object {
                                "alignItems": "center",
                                "backgroundColor": "#984fa0",
                                "flexDirection": "row",
                                "height": "100%",
                                "justifyContent": "center",
                                "minHeight": 50,
                              },
                              Object {
                                "backgroundColor": "#984fa0",
                              },
                            ]
                          }
                          underlayColor="black"
                        >
                          <View
                            accessible={true}
                            isTVSelectable={true}
                            onResponderGrant={[Function]}
                            onResponderMove={[Function]}
                            onResponderRelease={[Function]}
                            onResponderTerminate={[Function]}
                            onResponderTerminationRequest={[Function]}
                            onStartShouldSetResponder={[Function]}
                            style={
                              Array [
                                Object {
                                  "alignItems": "center",
                                  "backgroundColor": "#984fa0",
                                  "flexDirection": "row",
                                  "height": "100%",
                                  "justifyContent": "center",
                                  "minHeight": 50,
                                },
                                Object {
                                  "backgroundColor": "#984fa0",
                                },
                              ]
                            }
                          >
                            <View
                              accessible={true}
                              isTVSelectable={true}
                              onResponderGrant={[Function]}
                              onResponderMove={[Function]}
                              onResponderRelease={[Function]}
                              onResponderTerminate={[Function]}
                              onResponderTerminationRequest={[Function]}
                              onStartShouldSetResponder={[Function]}
                              style={
                                Array [
                                  Object {
                                    "alignItems": "center",
                                    "backgroundColor": "#984fa0",
                                    "flexDirection": "row",
                                    "height": "100%",
                                    "justifyContent": "center",
                                    "minHeight": 50,
                                  },
                                  Object {
                                    "backgroundColor": "#984fa0",
                                  },
                                ]
                              }
                            >
                              <Text
                                style={
                                  Array [
                                    Object {
                                      "color": "#f5f5f5",
                                      "fontSize": 18,
                                      "textTransform": "uppercase",
                                    },
                                    Object {
                                      "color": "#f5f5f5",
                                      "fontSize": 16,
                                    },
                                  ]
                                }
                              >
                                <Text
                                  style={
                                    Array [
                                      Object {
                                        "color": "#f5f5f5",
                                        "fontSize": 18,
                                        "textTransform": "uppercase",
                                      },
                                      Object {
                                        "color": "#f5f5f5",
                                        "fontSize": 16,
                                      },
                                    ]
                                  }
                                >
                                  About
                                </Text>
                              </Text>
                            </View>
                          </View>
                        </TouchableHighlight>
                      </View>
                    </View>
                  </ButtonRK>
                  <ButtonRK
                    key="key-buttonrk-2"
                    onButtonPress={[Function]}
                    title="Customise!"
                  >
                    <View
                      style={
                        Object {
                          "flex": 1,
                        }
                      }
                    >
                      <View
                        style={
                          Object {
                            "flex": 1,
                          }
                        }
                      >
                        <TouchableHighlight
                          activeOpacity={0.85}
                          delayPressOut={100}
                          onPress={[Function]}
                          style={
                            Array [
                              Object {
                                "alignItems": "center",
                                "backgroundColor": "#984fa0",
                                "flexDirection": "row",
                                "height": "100%",
                                "justifyContent": "center",
                                "minHeight": 50,
                              },
                              Object {
                                "backgroundColor": "#984fa0",
                              },
                            ]
                          }
                          underlayColor="black"
                        >
                          <View
                            accessible={true}
                            isTVSelectable={true}
                            onResponderGrant={[Function]}
                            onResponderMove={[Function]}
                            onResponderRelease={[Function]}
                            onResponderTerminate={[Function]}
                            onResponderTerminationRequest={[Function]}
                            onStartShouldSetResponder={[Function]}
                            style={
                              Array [
                                Object {
                                  "alignItems": "center",
                                  "backgroundColor": "#984fa0",
                                  "flexDirection": "row",
                                  "height": "100%",
                                  "justifyContent": "center",
                                  "minHeight": 50,
                                },
                                Object {
                                  "backgroundColor": "#984fa0",
                                },
                              ]
                            }
                          >
                            <View
                              accessible={true}
                              isTVSelectable={true}
                              onResponderGrant={[Function]}
                              onResponderMove={[Function]}
                              onResponderRelease={[Function]}
                              onResponderTerminate={[Function]}
                              onResponderTerminationRequest={[Function]}
                              onStartShouldSetResponder={[Function]}
                              style={
                                Array [
                                  Object {
                                    "alignItems": "center",
                                    "backgroundColor": "#984fa0",
                                    "flexDirection": "row",
                                    "height": "100%",
                                    "justifyContent": "center",
                                    "minHeight": 50,
                                  },
                                  Object {
                                    "backgroundColor": "#984fa0",
                                  },
                                ]
                              }
                            >
                              <Text
                                style={
                                  Array [
                                    Object {
                                      "color": "#f5f5f5",
                                      "fontSize": 18,
                                      "textTransform": "uppercase",
                                    },
                                    Object {
                                      "color": "#f5f5f5",
                                      "fontSize": 16,
                                    },
                                  ]
                                }
                              >
                                <Text
                                  style={
                                    Array [
                                      Object {
                                        "color": "#f5f5f5",
                                        "fontSize": 18,
                                        "textTransform": "uppercase",
                                      },
                                      Object {
                                        "color": "#f5f5f5",
                                        "fontSize": 16,
                                      },
                                    ]
                                  }
                                >
                                  Customise!
                                </Text>
                              </Text>
                            </View>
                          </View>
                        </TouchableHighlight>
                      </View>
                    </View>
                  </ButtonRK>
                </View>
              </View>
            </StickyNavigationBar>
            <ScrollViewMock
              contentContainerStyle={
                Object {
                  "alignItems": "center",
                  "paddingBottom": 1000.5,
                }
              }
              refreshControl={
                <RefreshControlMock
                  onRefresh={[Function]}
                  refreshing={false}
                  style={Object {}}
                />
              }
              style={
                Object {
                  "flex": 1,
                  "height": 1200.6000000000001,
                  "width": "100%",
                }
              }
            >
              <_class
                contentContainerStyle={
                  Object {
                    "alignItems": "center",
                    "paddingBottom": 1000.5,
                  }
                }
                refreshControl={
                  <RefreshControlMock
                    onRefresh={[Function]}
                    refreshing={false}
                    style={Object {}}
                  />
                }
                style={
                  Object {
                    "flex": 1,
                    "height": 1200.6000000000001,
                    "width": "100%",
                  }
                }
              >
                <RCTScrollView
                  contentContainerStyle={
                    Object {
                      "alignItems": "center",
                      "paddingBottom": 1000.5,
                    }
                  }
                  refreshControl={
                    <RefreshControlMock
                      onRefresh={[Function]}
                      refreshing={false}
                      style={Object {}}
                    />
                  }
                  style={
                    Object {
                      "flex": 1,
                      "height": 1200.6000000000001,
                      "width": "100%",
                    }
                  }
                >
                  <RefreshControlMock
                    onRefresh={[Function]}
                    refreshing={false}
                    style={Object {}}
                  >
                    <_class>
                      <RCTRefreshControl />
                    </_class>
                  </RefreshControlMock>
                  <View>
                    <View />
                  </View>
                </RCTScrollView>
              </_class>
            </ScrollViewMock>
          </View>
        </View>
      </View>
    </View>
  </MainAppScreen>
</Provider>
`;
